// Jest Snapshot v1, https://goo.gl/fbAQLP

exports[`Login Page Test renders login form with select input and button 1`] = `
<DocumentFragment>
  <div
    class="login-container"
  >
    <h1>
      Log In
    </h1>
    <img
      alt="Login Background"
      src="https://gravatar.com/avatar/17461862a35eb112646cd5f27097ca85?s=400&d=robohash&r=x"
    />
    <div>
      <label
        for="name"
      >
        Select your name: 
      </label>
      <select
        id="name"
      >
        <option
          data-testid="select-option"
          value="Sarah"
        >
          Sarah
        </option>
        <option
          data-testid="select-option"
          value="Tyler"
        >
          Tyler
        </option>
      </select>
    </div>
    <br />
    <br />
    <button
      class="login-button"
    >
      Let's Go
    </button>
  </div>
</DocumentFragment>
`;
